A51 MACRO ASSEMBLER  PRIM                                                                 03/03/2021 00:48:41 PAGE     1


MACRO ASSEMBLER A51 V8.2.7.0
OBJECT MODULE PLACED IN prim.OBJ
ASSEMBLER INVOKED BY: C:\Keil_v5\C51\BIN\A51.EXE prim.a SET(SMALL) DEBUG EP

LOC  OBJ            LINE     SOURCE

0000 022100            1     START:  JMP LOAD ;переход к программе
2100                   2                     ORG 2100H;директива размещения программы с адреса 2100
2100 7841              3     LOAD:   MOV R0,#0X41 ;загрузка в R0 указателя данных
2102 76FF              4                     MOV @R0,#0FFH ;запись в память числа 
2104 08                5                     INC R0 ;инкремент указателя
2105 76FF              6                     MOV @R0,#0FFH ;запись в память числа
2107 08                7                     INC R0 ;инкремент указателя
2108 7601              8                     MOV @R0,#1H ;запись в память числа
210A 7955              9                     MOV R1, #0X55
210C 7A03             10                     MOV R2, #3
                      11                             
210E C3               12                     CLR C 
210F 7400             13                     MOV A,#0 
                      14                     
2111 E6               15     LOOP:   MOV A,@R0 
2112 75F0B3           16                     MOV B,#5555 
*** ________________________________________________^
*** WARNING #A52 IN 16 (prim.a, LINE 16): VALUE HAS BEEN TRUNCATED TO 8 BITS
2115 A4               17                     MUL AB 
                      18                     
2116 37               19                     ADDC A, @R1
2117 F7               20                     MOV @R1, A
2118 19               21                     DEC R1
                      22                     
2119 A7F0             23                     MOV @R1, B
211B 18               24                     DEC R0
                      25                     
211C DAF3             26                     DJNZ R2,LOOP    
                      27                     END
A51 MACRO ASSEMBLER  PRIM                                                                 03/03/2021 00:48:41 PAGE     2

SYMBOL TABLE LISTING
------ ----- -------


N A M E             T Y P E  V A L U E   ATTRIBUTES

B. . . . . . . . .  D ADDR   00F0H   A   
LOAD . . . . . . .  C ADDR   2100H   A   
LOOP . . . . . . .  C ADDR   2111H   A   
START. . . . . . .  C ADDR   0000H   A   


REGISTER BANK(S) USED: 0 


ASSEMBLY COMPLETE.  1 WARNING(S), 0 ERROR(S)
