A51 MACRO ASSEMBLER  PRIM4                                                                03/03/2021 19:40:54 PAGE     1


MACRO ASSEMBLER A51 V8.2.7.0
OBJECT MODULE PLACED IN prim4.OBJ
ASSEMBLER INVOKED BY: C:\Keil_v5\C51\BIN\A51.EXE prim4.a SET(SMALL) DEBUG EP

LOC  OBJ            LINE     SOURCE

0000 022100            1     START:  JMP LOAD ;переход к программе
2100                   2                     ORG 2100H;директива размещения программы с адреса 2100
                       3                             
                       4                     ;запись в память числа  
2100 7840              5     LOAD:   MOV R0,#0X40 
2102 766F              6                     MOV @R0,#1101111b       
                       7                     
2104 7400              8                     MOV A,#0 ;сброс аккумулятора
                       9                     
2106 26               10                     ADD A,@R0 ;загрузка множимого 
2107 75F064           11                     MOV B,#100 ;загрузка 100 для вычисления количества сотен
210A 84               12                     DIV AB ;аккумулятор содержит число сотен (старшую цифру)
                      13                     
210B 7850             14                     MOV R0,#0X50
210D F6               15                     MOV @R0,A ;пересылка в R1 старшей цифры
210E C5F0             16                     XCH A,B ;пересылка остатка исходного числа в аккумулятор
2110 75F00A           17                     MOV B,#10 ;загрузка 10 для вычисления количества десятков
2113 84               18                     DIV AB ;А содержит число десятков, В - число единиц
2114 C4               19                     SWAP A ;размещение числа десятков в старшей тетраде A
2115 25F0             20                     ADD A,B ;подсуммирование остатка (числа единиц),
                      21                     ;теперь аккумулятор содержит две младшие цифры
2117 08               22                     INC R0
2118 F6               23                     MOV @R0,A
                      24                     END
A51 MACRO ASSEMBLER  PRIM4                                                                03/03/2021 19:40:54 PAGE     2

SYMBOL TABLE LISTING
------ ----- -------


N A M E             T Y P E  V A L U E   ATTRIBUTES

B. . . . . . . . .  D ADDR   00F0H   A   
LOAD . . . . . . .  C ADDR   2100H   A   
START. . . . . . .  C ADDR   0000H   A   


REGISTER BANK(S) USED: 0 


ASSEMBLY COMPLETE.  0 WARNING(S), 0 ERROR(S)
