A51 MACRO ASSEMBLER  PRIM5                                                                04/08/2021 03:12:03 PAGE     1


MACRO ASSEMBLER A51 V8.2.7.0
OBJECT MODULE PLACED IN prim5.OBJ
ASSEMBLER INVOKED BY: C:\Keil_v5\C51\BIN\A51.EXE prim5.a SET(SMALL) DEBUG EP

LOC  OBJ            LINE     SOURCE

                       1     ;#include <ADuC812.inc> ;<---------------------------- 
                       2     
  0007                 3     SV EQU 7h 
                       4              
                       5     PROG_T0 SEGMENT CODE 
                       6     PROG_T1 SEGMENT CODE     
                       7     VAR1    SEGMENT DATA 
                       8     BITVAR  SEGMENT BIT      
                       9     
----                  10                     RSEG VAR1 
0000                  11                     SVET: DS 1 
                      12      
----                  13                     RSEG BITVAR 
0000                  14                     FLAG: DBIT 1     
0001                  15                     FLAG1: DBIT 1 
                      16              
----                  17                     CSEG AT 0h 
0000 022100           18                     jmp START 
                      19                      
----                  20                     CSEG AT 0Bh 
000B 020000   F       21                     jmp Timer0  
----                  22                     CSEG AT 200Bh 
200B 020000   F       23                     jmp Timer0 
                      24                      
----                  25                     CSEG AT 1Bh 
001B 020000   F       26                     jmp Timer1 
----                  27                     cseg at 201Bh
201B 020000   F       28                     jmp Timer1
                      29      
                      30     ;nastroika timera 
                      31     setTimer macro V_TMOD,V_TCON 
                      32                     mov TMOD,V_TMOD 
                      33                     mov TCON,V_TCON 
                      34                     endm     
                      35                      
                      36     ;podprogramma obrabotchik prerivaniya ot timera0 
----                  37                     RSEG PROG_T0 
0000 C0D0             38     Timer0: push PSW 
0002 C0E0             39                     push ACC 
0004 E500     F       40                     mov A,SVET 
0006 03               41                     RR A 
0007 F3               42                     movx @R1,A 
0008 F500     F       43                     mov SVET,A 
000A D0E0             44                     pop ACC 
000C D0D0             45                     pop PSW 
000E 32               46                     RETI 
                      47      
                      48     ;podprogramma obrabotchik prerivaniya ot timera1                 
----                  49                     RSEG PROG_T1 
0000 C0D0             50     Timer1: push PSW ;2 
0002 C0E0             51                     push ACC ;2 
0004 200006   F       52                     jb flag, VIKL ;2 
                      53                     ;mov A, SVET ;1 
                      54                     ;movx @R1, A ;2 
0007 8A8B             55     VKL:    MOV TL1, R2
0009 D200     F       56                     setb flag ;1 
000B 8004             57                     jmp exit ;2 
                      58     
A51 MACRO ASSEMBLER  PRIM5                                                                04/08/2021 03:12:03 PAGE     2

000D                  59     VIKL:   ;mov A,#0h ;1 
                      60                     ;movx @R1,A ;2 
000D 8B8B             61                     MOV TL1, R3
000F C200     F       62                     clr flag ;1 
                      63     
0011 D0E0             64     exit:   pop ACC ;2 
0013 D0D0             65                     pop PSW;2 
0015 32               66                     RETI ;2 
                      67                      
----                  68                     CSEG AT 2100h 
2100                  69     START:  setTimer #00100001h, #01010000h
                      72             
2106 D2AF             73                     SETB EA 
2108 D2A9             74                     SETB ET0 
210A D2AB             75                     SETB ET1 
210C D2B9             76                     SETB PT0 
                      77                      
                      78     ;               MOV DPP,#8h 
210E 7907             79                     MOV R1, #SV 
                      80     
2110 7800             81                     MOV R0, #0h 
                      82     
2112 7A9B             83                     MOV R2, #155
2114 7B00             84                     MOV R3, #0
2116 7C00             85                     MOV R4, #0
2118 8A8B             86                     MOV TL1, R2
                      87     
211A 750001   F       88                     MOV SVET, #00000001b
                      89                     ;SETB flag 
                      90      
211D 74FB             91     WAIT:   mov A, #11111011b 
211F F2               92                     movx @R0, A 
2120 E2               93                     movx A, @R0
2121 B47BF9           94                     cjne A, #01111011b, wait 
                      95                     
2124 750001   F       96                     MOV SVET, #00000001b 
                      97                     
2127 0C               98                     INC R4
2128 EC               99                     MOV A, R4
                     100                     
2129 B40104          101     POINT_1:CJNE A, #1, POINT_2;
212C 7A69            102                     MOV R2, #105;
212E 7B32            103                     MOV R3, #50;
                     104                                     
2130 B40204          105     POINT_2:CJNE A, #2, POINT_3;
2133 7A37            106                     MOV R2, #55;
2135 7B64            107                     MOV R3, #100;
                     108     
2137 B40306          109     POINT_3:CJNE A, #3, CYCLE;
213A 7A00            110                     MOV R2, #0;
213C 7B9B            111                     MOV R3, #155;
213E 7C00            112                     MOV R4, #0;
                     113     
2140 74FB            114     CYCLE:  mov A, #11111011b 
2142 F2              115                     movx @R0, A 
2143 E2              116                     movx A, @R0 
2144 B47BF9          117                     cjne A, #01111011b, cycle 
2147 80D4            118                     jmp wait 
                     119       
                     120                     END 
A51 MACRO ASSEMBLER  PRIM5                                                                04/08/2021 03:12:03 PAGE     3

SYMBOL TABLE LISTING
------ ----- -------


N A M E             T Y P E  V A L U E   ATTRIBUTES

ACC. . . . . . . .  D ADDR   00E0H   A   
BITVAR . . . . . .  B SEG    0002H       REL=UNIT
CYCLE. . . . . . .  C ADDR   2140H   A   
EA . . . . . . . .  B ADDR   00A8H.7 A   
ET0. . . . . . . .  B ADDR   00A8H.1 A   
ET1. . . . . . . .  B ADDR   00A8H.3 A   
EXIT . . . . . . .  C ADDR   0011H   R   SEG=PROG_T1
FLAG . . . . . . .  B ADDR   0000H.0 R   SEG=BITVAR
FLAG1. . . . . . .  B ADDR   0000H.1 R   SEG=BITVAR
POINT_1. . . . . .  C ADDR   2129H   A   
POINT_2. . . . . .  C ADDR   2130H   A   
POINT_3. . . . . .  C ADDR   2137H   A   
PROG_T0. . . . . .  C SEG    000FH       REL=UNIT
PROG_T1. . . . . .  C SEG    0016H       REL=UNIT
PSW. . . . . . . .  D ADDR   00D0H   A   
PT0. . . . . . . .  B ADDR   00B8H.1 A   
START. . . . . . .  C ADDR   2100H   A   
SV . . . . . . . .  N NUMB   0007H   A   
SVET . . . . . . .  D ADDR   0000H   R   SEG=VAR1
TCON . . . . . . .  D ADDR   0088H   A   
TIMER0 . . . . . .  C ADDR   0000H   R   SEG=PROG_T0
TIMER1 . . . . . .  C ADDR   0000H   R   SEG=PROG_T1
TL1. . . . . . . .  D ADDR   008BH   A   
TMOD . . . . . . .  D ADDR   0089H   A   
VAR1 . . . . . . .  D SEG    0001H       REL=UNIT
VIKL . . . . . . .  C ADDR   000DH   R   SEG=PROG_T1
VKL. . . . . . . .  C ADDR   0007H   R   SEG=PROG_T1
WAIT . . . . . . .  C ADDR   211DH   A   


REGISTER BANK(S) USED: 0 


ASSEMBLY COMPLETE.  0 WARNING(S), 0 ERROR(S)
